Traceback (most recent call last):
  File "<frozen runpy>", line 198, in _run_module_as_main
  File "<frozen runpy>", line 88, in _run_code
  File "C:\Users\bestb\Desktop\_bigquery_toolbox-1\venv\Scripts\daphne.exe\__main__.py", line 7, in <module>
    sys.exit(CommandLineInterface.entrypoint())
             ~~~~~~~~~~~~~~~~~~~~~~~~~~~~~~~^^
  File "C:\Users\bestb\Desktop\_bigquery_toolbox-1\venv\Lib\site-packages\daphne\cli.py", line 171, in entrypoint
    cls().run(sys.argv[1:])
    ~~~~~~~~~^^^^^^^^^^^^^^
  File "C:\Users\bestb\Desktop\_bigquery_toolbox-1\venv\Lib\site-packages\daphne\cli.py", line 239, in run
    application = self.load_asgi_app(args.application)
  File "C:\Users\bestb\Desktop\_bigquery_toolbox-1\venv\Lib\site-packages\daphne\cli.py", line 208, in load_asgi_app
    return import_by_path(asgi_app_path)
  File "C:\Users\bestb\Desktop\_bigquery_toolbox-1\venv\Lib\site-packages\daphne\utils.py", line 17, in import_by_path
    target = importlib.import_module(module_path)
  File "C:\Users\bestb\AppData\Local\Programs\Python\Python313\Lib\importlib\__init__.py", line 88, in import_module
    return _bootstrap._gcd_import(name[level:], package, level)
           ~~~~~~~~~~~~~~~~~~~~~~^^^^^^^^^^^^^^^^^^^^^^^^^^^^^^
  File "<frozen importlib._bootstrap>", line 1387, in _gcd_import
  File "<frozen importlib._bootstrap>", line 1360, in _find_and_load
  File "<frozen importlib._bootstrap>", line 1331, in _find_and_load_unlocked
  File "<frozen importlib._bootstrap>", line 935, in _load_unlocked
  File "<frozen importlib._bootstrap_external>", line 1026, in exec_module
  File "<frozen importlib._bootstrap>", line 488, in _call_with_frames_removed
  File "C:\Users\bestb\Desktop\_bigquery_toolbox-1\config\asgi.py", line 9, in <module>
    import dj.routing
  File "C:\Users\bestb\Desktop\_bigquery_toolbox-1\dj\routing.py", line 2, in <module>
    from . import consumers
  File "C:\Users\bestb\Desktop\_bigquery_toolbox-1\dj\consumers.py", line 13, in <module>
    from engine import CoreEngine
  File "C:\Users\bestb\Desktop\_bigquery_toolbox-1\engine.py", line 654
    elif intent == "add_table":
    ^^^^
IndentationError: expected an indented block after 'elif' statement on line 652
